../Core/Src/main.c:102:5:main	8	static
../Core/Src/main.c:288:6:SystemClock_Config	88	static
../Core/Src/main.c:335:13:MX_ADC1_Init	24	static
../Core/Src/main.c:382:13:MX_SPI1_Init	8	static
../Core/Src/main.c:420:13:MX_SPI2_Init	8	static
../Core/Src/main.c:457:13:MX_TIM1_Init	32	static
../Core/Src/main.c:503:13:MX_TIM2_Init	64	static
../Core/Src/main.c:566:13:MX_TIM3_Init	32	static
../Core/Src/main.c:611:13:MX_TIM4_Init	32	static
../Core/Src/main.c:656:13:MX_USART1_UART_Init	8	static
../Core/Src/main.c:689:13:MX_GPIO_Init	40	static
../Core/Src/main.c:742:6:Error_Handler	4	static,ignoring_inline_asm
