../Core/Src/main.c:94:5:main	16	static
../Core/Src/main.c:266:6:SystemClock_Config	88	static
../Core/Src/main.c:313:13:MX_ADC1_Init	24	static
../Core/Src/main.c:360:13:MX_SPI1_Init	8	static
../Core/Src/main.c:398:13:MX_SPI2_Init	8	static
../Core/Src/main.c:435:13:MX_TIM2_Init	64	static
../Core/Src/main.c:498:13:MX_TIM3_Init	32	static
../Core/Src/main.c:543:13:MX_USART1_UART_Init	8	static
../Core/Src/main.c:576:13:MX_GPIO_Init	40	static
../Core/Src/main.c:629:6:Error_Handler	4	static,ignoring_inline_asm
